// Jest Snapshot v1, https://goo.gl/fbAQLP

exports[`PreGame shows PreGame component 1`] = `
<form
  className="pre-game"
  onSubmit={[Function]}
>
  <h2>
    Settings
  </h2>
  <fieldset>
    <legend>
      Difficulty Selection
    </legend>
    <div>
      <input
        defaultChecked={true}
        id="difficulty_easy"
        name="difficulty"
        type="radio"
        value="easy"
      />
      <label
        htmlFor="difficulty_easy"
      >
        Easy
      </label>
    </div>
    <div>
      <input
        id="difficulty_medium"
        name="difficulty"
        type="radio"
        value="medium"
      />
      <label
        htmlFor="difficulty_medium"
      >
        Medium
      </label>
    </div>
    <div>
      <input
        id="difficulty_hard"
        name="difficulty"
        type="radio"
        value="hard"
      />
      <label
        htmlFor="difficulty_hard"
      >
        Hard
      </label>
    </div>
  </fieldset>
  <section>
    <fieldset>
      <legend>
        Audio on/off
      </legend>
      <div>
        <input
          defaultChecked={true}
          id="audio_choice_off"
          name="audio_choice"
          onChange={[Function]}
          type="radio"
          value="false"
        />
        <label
          htmlFor="audio_choice_off"
        >
          Off
        </label>
      </div>
      <div>
        <input
          id="audio_choice_on"
          name="audio_choice"
          onChange={[Function]}
          type="radio"
          value="true"
        />
        <label
          htmlFor="audio_choice_on"
        >
          On
        </label>
      </div>
    </fieldset>
    <fieldset
      className="select-fieldset"
    >
      <legend>
        Variate Selection
      </legend>
      <select
        name="numVariates"
      >
        <option
          key="0"
          value={2}
        >
          2
        </option>
        <option
          key="1"
          value={3}
        >
          3
        </option>
        <option
          key="2"
          value={4}
        >
          4
        </option>
      </select>
    </fieldset>
  </section>
  <input
    className="play-button"
    type="submit"
    value="PLAY"
  />
</form>
`;
